// Jest Snapshot v1, https://goo.gl/fbAQLP

exports[`initializes the configuration 1`] = `
"{
  "name": "library",
  "version": "1.0.0",
  "devDependencies": {
    "react-native-builder-bob": "^0.5.0"
  },
  "exports": {
    ".": {
      "types": "./lib/typescript/src/index.d.ts",
      "default": "./lib/module/index.js"
    },
    "./package.json": "./package.json"
  },
  "source": "./src/index.ts",
  "main": "./lib/module/index.js",
  "scripts": {
    "prepare": "bob build"
  },
  "files": [
    "src",
    "lib",
    "!**/__tests__",
    "!**/__fixtures__",
    "!**/__mocks__"
  ],
  "react-native-builder-bob": {
    "source": "src",
    "output": "lib",
    "targets": [
      [
        "module",
        {
          "esm": true
        }
      ],
      "typescript"
    ]
  },
  "eslintIgnore": [
    "node_modules/",
    "lib/"
  ]
}
"
`;

exports[`initializes the configuration 2`] = `
"{
  "compilerOptions": {
    "rootDir": ".",
    "allowUnreachableCode": false,
    "allowUnusedLabels": false,
    "esModuleInterop": true,
    "forceConsistentCasingInFileNames": true,
    "jsx": "react-jsx",
    "lib": [
      "ESNext"
    ],
    "module": "ESNext",
    "moduleResolution": "bundler",
    "noFallthroughCasesInSwitch": true,
    "noImplicitReturns": true,
    "noImplicitUseStrict": false,
    "noStrictGenericChecks": false,
    "noUncheckedIndexedAccess": true,
    "noUnusedLocals": true,
    "noUnusedParameters": true,
    "resolveJsonModule": true,
    "skipLibCheck": true,
    "strict": true,
    "target": "ESNext",
    "verbatimModuleSyntax": true
  }
}
"
`;
